{
  "hash": "sr0uqeYWyrLV1vijvIG6fe+0mu8LRG6FLMHv5UmUxK8=",
  "number": "1",
  "size": "501",
  "header": {
    "parentHash": "AAAAAAAAAAAAAAAAAAAAAAAAAAAAAAAAAAAAAAAAAAA=",
    "uncleHash": "HcxN6N7HXXqrhbVntszUGtMSRRuUinQT8KFC/UDUk0c=",
    "coinbase": "AAAAAAAAAAAAAAAAAAAAAAAAAAA=",
    "stateRoot": "AAAAAAAAAAAAAAAAAAAAAAAAAAAAAAAAAAAAAAAAAAA=",
    "transactionsRoot": "VugfFxvMVab/g0XmksD4bltI4BuZbK3AAWIvteNjtCE=",
    "receiptRoot": "VugfFxvMVab/g0XmksD4bltI4BuZbK3AAWIvteNjtCE=",
    "logsBloom": "AAAAAAAAAAAAAAAAAAAAAAAAAAAAAAAAAAAAAAAAAAAAAAAAAAAAAAAAAAAAAAAAAAAAAAAAAAAAAAAAAAAAAAAAAAAAAAAAAAAAAAAAAAAAAAAAAAAAAAAAAAAAAAAAAAAAAAAAAAAAAAAAAAAAAAAAAAAAAAAAAAAAAAAAAAAAAAAAAAAAAAAAAAAAAAAAAAAAAAAAAAAAAAAAAAAAAAAAAAAAAAAAAAAAAAAAAAAAAAAAAAAAAAAAAAAAAAAAAAAAAAAAAAAAAAAAAAAAAAAAAAAAAAAAAAAAAAAAAAAAAAAAAAAAAAAAAAAAAAAAAAAAAAAAAAAAAAAAAAAAAA==",
    "difficulty": {
      "bytes": "AA=="
    },
    "totalDifficulty": {
      "bytes": "AQ=="
    },
    "number": "1",
    "timestamp": "1970-01-01T00:00:00Z",
    "mixHash": "AAAAAAAAAAAAAAAAAAAAAAAAAAAAAAAAAAAAAAAAAAA=",
    "hash": "sr0uqeYWyrLV1vijvIG6fe+0mu8LRG6FLMHv5UmUxK8="
  },
  "balanceChanges": [
    {
      "address": "AAAAAAAAAAAAAAAAAAAAAAAAAAA=",
      "oldValue": {
        "bytes": "BA=="
      },
      "newValue": {
        "bytes": "BQ=="
      },
      "reason": "REASON_REWARD_MINE_BLOCK",
      "ordinal": "16"
    }
  ],
  "systemCalls": [
    {
      "index": 1,
      "callType": "CALL",
      "caller": "AAAAAAAAAAAAAAAAAAAAAAAAAAE=",
      "address": "AAAAAAAAAAAAAAAAAAAAAAAAAAI=",
      "returnData": "/w==",
      "balanceChanges": [
        {
          "address": "AAAAAAAAAAAAAAAAAAAAAAAAAAA=",
          "oldValue": {
            "bytes": "AQ=="
          },
          "newValue": {
            "bytes": "Ag=="
          },
          "reason": "REASON_TRANSFER",
          "ordinal": "2"
        }
      ],
      "beginOrdinal": "1",
      "endOrdinal": "3"
    },
    {
      "index": 1,
      "callType": "CALL",
      "caller": "AAAAAAAAAAAAAAAAAAAAAAAAAAE=",
      "address": "AAAAAAAAAAAAAAAAAAAAAAAAAAI=",
      "returnData": "qg==",
      "balanceChanges": [
        {
          "address": "AAAAAAAAAAAAAAAAAAAAAAAAAAA=",
          "oldValue": {
            "bytes": "AQ=="
          },
          "newValue": {
            "bytes": "Ag=="
          },
          "reason": "REASON_TRANSFER",
          "ordinal": "5"
        }
      ],
      "beginOrdinal": "4",
      "endOrdinal": "6"
    },
    {
      "index": 1,
      "callType": "CALL",
      "caller": "AAAAAAAAAAAAAAAAAAAAAAAAAAE=",
      "address": "AAAAAAAAAAAAAAAAAAAAAAAAAAI=",
      "returnData": "uw==",
      "balanceChanges": [
        {
          "address": "AAAAAAAAAAAAAAAAAAAAAAAAAAA=",
          "oldValue": {
            "bytes": "AQ=="
          },
          "newValue": {
            "bytes": "Ag=="
          },
          "reason": "REASON_TRANSFER",
          "ordinal": "8"
        }
      ],
      "beginOrdinal": "7",
      "endOrdinal": "9"
    },
    {
      "index": 1,
      "callType": "CALL",
      "caller": "AAAAAAAAAAAAAAAAAAAAAAAAAAE=",
      "address": "AAAAAAAAAAAAAAAAAAAAAAAAAAI=",
      "returnData": "zA==",
      "balanceChanges": [
        {
          "address": "AAAAAAAAAAAAAAAAAAAAAAAAAAA=",
          "oldValue": {
            "bytes": "AQ=="
          },
          "newValue": {
            "bytes": "Ag=="
          },
          "reason": "REASON_TRANSFER",
          "ordinal": "11"
        }
      ],
      "beginOrdinal": "10",
      "endOrdinal": "12"
    },
    {
      "index": 1,
      "callType": "CALL",
      "caller": "AAAAAAAAAAAAAAAAAAAAAAAAAAE=",
      "address": "AAAAAAAAAAAAAAAAAAAAAAAAAAI=",
      "returnData": "7g==",
      "balanceChanges": [
        {
          "address": "AAAAAAAAAAAAAAAAAAAAAAAAAAA=",
          "oldValue": {
            "bytes": "AQ=="
          },
          "newValue": {
            "bytes": "Ag=="
          },
          "reason": "REASON_TRANSFER",
          "ordinal": "14"
        }
      ],
      "beginOrdinal": "13",
      "endOrdinal": "15"
    }
  ],
  "ver": 4
}