{
  "hash": "sr0uqeYWyrLV1vijvIG6fe+0mu8LRG6FLMHv5UmUxK8=",
  "number": "1",
  "size": "501",
  "header": {
    "parentHash": "AAAAAAAAAAAAAAAAAAAAAAAAAAAAAAAAAAAAAAAAAAA=",
    "uncleHash": "HcxN6N7HXXqrhbVntszUGtMSRRuUinQT8KFC/UDUk0c=",
    "coinbase": "AAAAAAAAAAAAAAAAAAAAAAAAAAA=",
    "stateRoot": "AAAAAAAAAAAAAAAAAAAAAAAAAAAAAAAAAAAAAAAAAAA=",
    "transactionsRoot": "VugfFxvMVab/g0XmksD4bltI4BuZbK3AAWIvteNjtCE=",
    "receiptRoot": "VugfFxvMVab/g0XmksD4bltI4BuZbK3AAWIvteNjtCE=",
    "logsBloom": "AAAAAAAAAAAAAAAAAAAAAAAAAAAAAAAAAAAAAAAAAAAAAAAAAAAAAAAAAAAAAAAAAAAAAAAAAAAAAAAAAAAAAAAAAAAAAAAAAAAAAAAAAAAAAAAAAAAAAAAAAAAAAAAAAAAAAAAAAAAAAAAAAAAAAAAAAAAAAAAAAAAAAAAAAAAAAAAAAAAAAAAAAAAAAAAAAAAAAAAAAAAAAAAAAAAAAAAAAAAAAAAAAAAAAAAAAAAAAAAAAAAAAAAAAAAAAAAAAAAAAAAAAAAAAAAAAAAAAAAAAAAAAAAAAAAAAAAAAAAAAAAAAAAAAAAAAAAAAAAAAAAAAAAAAAAAAAAAAAAAAA==",
    "difficulty": {
      "bytes": "AA=="
    },
    "totalDifficulty": {
      "bytes": "AQ=="
    },
    "number": "1",
    "timestamp": "1970-01-01T00:00:00Z",
    "mixHash": "AAAAAAAAAAAAAAAAAAAAAAAAAAAAAAAAAAAAAAAAAAA=",
    "hash": "sr0uqeYWyrLV1vijvIG6fe+0mu8LRG6FLMHv5UmUxK8="
  },
  "transactionTraces": [
    {
      "to": "AAAAAAAAAAAAAAAAAAAAAAAAAAI=",
      "gasPrice": {
        "bytes": "AQ=="
      },
      "gasLimit": "1",
      "value": {
        "bytes": "AQ=="
      },
      "v": "AQ==",
      "r": "AAAAAAAAAAAAAAAAAAAAAAAAAAAAAAAAAAAAAAAAAAE=",
      "s": "AAAAAAAAAAAAAAAAAAAAAAAAAAAAAAAAAAAAAAAAAAE=",
      "hash": "AAAAAAAAAAAAAAAAAAAAAAAAAAAAAAAAAAAAAAAAAKo=",
      "from": "AAAAAAAAAAAAAAAAAAAAAAAAAAE=",
      "beginOrdinal": "4",
      "endOrdinal": "8",
      "status": "SUCCEEDED",
      "receipt": {
        "logsBloom": "AAAAAAAAAAAAAAAAAAAAAAAAAAAAAAAAAAAAAAAAAAAAAAAAAAAAAAAAAAAAAAAAAAAAAAAAAAAAAAAAAAAAAAAAAAAAAAAAAAAAAAAAAAAAAAAAAAAAAAAAAAAAAAAAAAAAAAAAAAAAAAAAAAAAAAAAAAAAAAAAAAAAAAAAAAAAAAAAAAAAAAAAAAAAAAAAAAAAAAAAAAAAAAAAAAAAAAAAAAAAAAAAAAAAAAAAAAAAAAAAAAAAAAAAAAAAAAAAAAAAAAAAAAAAAAAAAAAAAAAAAAAAAAAAAAAAAAAAAAAAAAAAAAAAAAAAAAAAAAAAAAAAAAAAAAAAAAAAAAAAAA=="
      },
      "calls": [
        {
          "index": 1,
          "callType": "CALL",
          "caller": "AAAAAAAAAAAAAAAAAAAAAAAAAAE=",
          "address": "AAAAAAAAAAAAAAAAAAAAAAAAAAI=",
          "balanceChanges": [
            {
              "address": "AAAAAAAAAAAAAAAAAAAAAAAAAAA=",
              "oldValue": {
                "bytes": "AQ=="
              },
              "newValue": {
                "bytes": "Ag=="
              },
              "reason": "REASON_TRANSFER",
              "ordinal": "6"
            }
          ],
          "beginOrdinal": "5",
          "endOrdinal": "7"
        }
      ]
    },
    {
      "to": "AAAAAAAAAAAAAAAAAAAAAAAAAAI=",
      "gasPrice": {
        "bytes": "AQ=="
      },
      "gasLimit": "1",
      "value": {
        "bytes": "AQ=="
      },
      "v": "AQ==",
      "r": "AAAAAAAAAAAAAAAAAAAAAAAAAAAAAAAAAAAAAAAAAAE=",
      "s": "AAAAAAAAAAAAAAAAAAAAAAAAAAAAAAAAAAAAAAAAAAE=",
      "index": 1,
      "hash": "AAAAAAAAAAAAAAAAAAAAAAAAAAAAAAAAAAAAAAAAAN0=",
      "from": "AAAAAAAAAAAAAAAAAAAAAAAAAAE=",
      "beginOrdinal": "18",
      "endOrdinal": "22",
      "status": "SUCCEEDED",
      "receipt": {
        "logsBloom": "AAAAAAAAAAAAAAAAAAAAAAAAAAAAAAAAAAAAAAAAAAAAAAAAAAAAAAAAAAAAAAAAAAAAAAAAAAAAAAAAAAAAAAAAAAAAAAAAAAAAAAAAAAAAAAAAAAAAAAAAAAAAAAAAAAAAAAAAAAAAAAAAAAAAAAAAAAAAAAAAAAAAAAAAAAAAAAAAAAAAAAAAAAAAAAAAAAAAAAAAAAAAAAAAAAAAAAAAAAAAAAAAAAAAAAAAAAAAAAAAAAAAAAAAAAAAAAAAAAAAAAAAAAAAAAAAAAAAAAAAAAAAAAAAAAAAAAAAAAAAAAAAAAAAAAAAAAAAAAAAAAAAAAAAAAAAAAAAAAAAAA=="
      },
      "calls": [
        {
          "index": 1,
          "callType": "CALL",
          "caller": "AAAAAAAAAAAAAAAAAAAAAAAAAAE=",
          "address": "AAAAAAAAAAAAAAAAAAAAAAAAAAI=",
          "balanceChanges": [
            {
              "address": "AAAAAAAAAAAAAAAAAAAAAAAAAAA=",
              "oldValue": {
                "bytes": "AQ=="
              },
              "newValue": {
                "bytes": "Ag=="
              },
              "reason": "REASON_TRANSFER",
              "ordinal": "20"
            }
          ],
          "beginOrdinal": "19",
          "endOrdinal": "21"
        }
      ]
    }
  ],
  "balanceChanges": [
    {
      "address": "AAAAAAAAAAAAAAAAAAAAAAAAAAA=",
      "oldValue": {
        "bytes": "BA=="
      },
      "newValue": {
        "bytes": "BQ=="
      },
      "reason": "REASON_REWARD_MINE_BLOCK",
      "ordinal": "26"
    }
  ],
  "systemCalls": [
    {
      "index": 1,
      "callType": "CALL",
      "caller": "AAAAAAAAAAAAAAAAAAAAAAAAAAE=",
      "address": "AAAAAAAAAAAAAAAAAAAAAAAAAAI=",
      "returnData": "/w==",
      "balanceChanges": [
        {
          "address": "AAAAAAAAAAAAAAAAAAAAAAAAAAA=",
          "oldValue": {
            "bytes": "AQ=="
          },
          "newValue": {
            "bytes": "Ag=="
          },
          "reason": "REASON_TRANSFER",
          "ordinal": "2"
        }
      ],
      "beginOrdinal": "1",
      "endOrdinal": "3"
    },
    {
      "index": 1,
      "callType": "CALL",
      "caller": "AAAAAAAAAAAAAAAAAAAAAAAAAAE=",
      "address": "AAAAAAAAAAAAAAAAAAAAAAAAAAI=",
      "returnData": "uwE=",
      "balanceChanges": [
        {
          "address": "AAAAAAAAAAAAAAAAAAAAAAAAAAA=",
          "oldValue": {
            "bytes": "AQ=="
          },
          "newValue": {
            "bytes": "Ag=="
          },
          "reason": "REASON_TRANSFER",
          "ordinal": "10"
        }
      ],
      "beginOrdinal": "9",
      "endOrdinal": "11"
    },
    {
      "index": 1,
      "callType": "CALL",
      "caller": "AAAAAAAAAAAAAAAAAAAAAAAAAAE=",
      "address": "AAAAAAAAAAAAAAAAAAAAAAAAAAI=",
      "returnData": "uwI=",
      "balanceChanges": [
        {
          "address": "AAAAAAAAAAAAAAAAAAAAAAAAAAA=",
          "oldValue": {
            "bytes": "AQ=="
          },
          "newValue": {
            "bytes": "Ag=="
          },
          "reason": "REASON_TRANSFER",
          "ordinal": "13"
        }
      ],
      "beginOrdinal": "12",
      "endOrdinal": "14"
    },
    {
      "index": 1,
      "callType": "CALL",
      "caller": "AAAAAAAAAAAAAAAAAAAAAAAAAAE=",
      "address": "AAAAAAAAAAAAAAAAAAAAAAAAAAI=",
      "returnData": "zA==",
      "balanceChanges": [
        {
          "address": "AAAAAAAAAAAAAAAAAAAAAAAAAAA=",
          "oldValue": {
            "bytes": "AQ=="
          },
          "newValue": {
            "bytes": "Ag=="
          },
          "reason": "REASON_TRANSFER",
          "ordinal": "16"
        }
      ],
      "beginOrdinal": "15",
      "endOrdinal": "17"
    },
    {
      "index": 1,
      "callType": "CALL",
      "caller": "AAAAAAAAAAAAAAAAAAAAAAAAAAE=",
      "address": "AAAAAAAAAAAAAAAAAAAAAAAAAAI=",
      "returnData": "7g==",
      "balanceChanges": [
        {
          "address": "AAAAAAAAAAAAAAAAAAAAAAAAAAA=",
          "oldValue": {
            "bytes": "AQ=="
          },
          "newValue": {
            "bytes": "Ag=="
          },
          "reason": "REASON_TRANSFER",
          "ordinal": "24"
        }
      ],
      "beginOrdinal": "23",
      "endOrdinal": "25"
    }
  ],
  "ver": 4
}